// Jest Snapshot v1, https://goo.gl/fbAQLP

exports[`Pruebas en <DeleteEventFab /> Haciendo snapshot de <DeleteEventFab /> 1`] = `
<button
  className="btn btn-danger fab-danger"
  onClick={[Function]}
  type="button"
>
  <i
    className="fas fa-trash"
  />
  <span>
    Borrar evento
  </span>
</button>
`;
